00:00 +0: loading C:/Users/ZORO/Code/flutter_todo/test/widget_test.dart
00:00 +0: Todo app smoke test
══╡ EXCEPTION CAUGHT BY FLUTTER TEST FRAMEWORK ╞════════════════════════════════════════════════════
The following TestFailure was thrown running a test:
Expected: exactly one matching candidate
  Actual: _IconWidgetFinder:<Found 0 widgets with icon "IconData(U+0E04F)": []>
   Which: means none were found but one was expected

When the exception was thrown, this was the stack:
#4      main.<anonymous closure> (file:///C:/Users/ZORO/Code/flutter_todo/test/widget_test.dart:25:5)
<asynchronous suspension>
#5      testWidgets.<anonymous closure>.<anonymous closure> (package:flutter_test/src/widget_tester.dart:192:15)
<asynchronous suspension>
#6      TestWidgetsFlutterBinding._runTestBody (package:flutter_test/src/binding.dart:1682:5)
<asynchronous suspension>
<asynchronous suspension>
(elided one frame from package:stack_trace)

This was caught by the test expectation on the following line:
  file:///C:/Users/ZORO/Code/flutter_todo/test/widget_test.dart line 25
The test description was:
  Todo app smoke test
════════════════════════════════════════════════════════════════════════════════════════════════════
00:00 +0 -1: Todo app smoke test [E]
  Test failed. See exception logs above.
  The test description was: Todo app smoke test
  
00:00 +0 -1: Some tests failed.
